AR register_file behavioral C:/Users/vaila/Dropbox/ORGANWSH/Lab6/Lab6VHDL/REGISTER_FILE.vhd sub00/vhpl33 1494091236
EN mux2to1 NULL C:/Users/vaila/Dropbox/ORGANWSH/Lab6/Lab6VHDL/MUX2TO1.vhd sub00/vhpl06 1494091209
AR mem_wb behavioral C:/Users/vaila/Dropbox/ORGANWSH/Lab6/Lab6VHDL/MEM_WB.vhd sub00/vhpl49 1494088249
AR mux32x1 behavioral C:/Users/vaila/Dropbox/ORGANWSH/Lab6/Lab6VHDL/MUX32x1.vhd sub00/vhpl03 1494091206
EN alustage NULL C:/Users/vaila/Dropbox/ORGANWSH/Lab6/Lab6VHDL/ALUSTAGE.vhd sub00/vhpl38 1494091241
AR myregister behavioral C:/Users/vaila/Dropbox/ORGANWSH/Lab6/Lab6VHDL/myRegister.vhd sub00/vhpl01 1494091204
AR decstage behavioral C:/Users/vaila/Dropbox/ORGANWSH/Lab6/Lab6VHDL/DECSTAGE.vhd sub00/vhpl41 1494091244
AR mux2to1 behavioral C:/Users/vaila/Dropbox/ORGANWSH/Lab6/Lab6VHDL/MUX2TO1.vhd sub00/vhpl07 1494091210
EN decoder5x32 NULL C:/Users/vaila/Dropbox/ORGANWSH/Lab6/Lab6VHDL/Decoder5to32.vhd sub00/vhpl08 1494091211
AR cache_stage behavioral C:/Users/vaila/Dropbox/ORGANWSH/Lab6/Lab6VHDL/CACHESTAGE.vhd sub00/vhpl45 1494091248
EN datapath NULL C:/Users/vaila/Dropbox/ORGANWSH/Lab6/Lab6VHDL/Datapath.vhd sub00/vhpl58 1494088258
EN if_mem NULL C:/Users/vaila/Dropbox/ORGANWSH/Lab6/Lab6VHDL/IF_MEM.vhd sub00/vhpl30 1494091233
EN mem_inter NULL C:/Users/vaila/Dropbox/ORGANWSH/Lab6/Lab6VHDL/MEM_INTER.vhd sub00/vhpl50 1494088250
AR rotr behavioral C:/Users/vaila/Dropbox/ORGANWSH/Lab6/Lab6VHDL/ROTR.vhd sub00/vhpl17 1494091220
EN srao NULL C:/Users/vaila/Dropbox/ORGANWSH/Lab6/Lab6VHDL/SRAO.vhd sub00/vhpl20 1494091223
EN id_ex NULL C:/Users/vaila/Dropbox/ORGANWSH/Lab6/Lab6VHDL/ID_EX.vhd sub00/vhpl54 1494088254
AR ifstage behavioral C:/Users/vaila/Dropbox/ORGANWSH/Lab6/Lab6VHDL/IFSTAGE.vhd sub00/vhpl43 1494091246
EN decstage NULL C:/Users/vaila/Dropbox/ORGANWSH/Lab6/Lab6VHDL/DECSTAGE.vhd sub00/vhpl40 1494091243
EN pc_mux NULL C:/Users/vaila/Dropbox/ORGANWSH/Lab6/Lab6VHDL/REGMUX2x1.vhd sub00/vhpl28 1494091231
EN cntrl NULL C:/Users/vaila/Dropbox/ORGANWSH/Lab6/Lab6VHDL/CNTRL.vhd sub00/vhpl46 1494091249
EN mux32x1 NULL C:/Users/vaila/Dropbox/ORGANWSH/Lab6/Lab6VHDL/MUX32x1.vhd sub00/vhpl02 1494091205
EN pc NULL C:/Users/vaila/Dropbox/ORGANWSH/Lab6/Lab6VHDL/PCREGISTER.vhd sub00/vhpl24 1494091227
AR decoder5x32 behavioral C:/Users/vaila/Dropbox/ORGANWSH/Lab6/Lab6VHDL/Decoder5to32.vhd sub00/vhpl09 1494091212
AR comparemodule behavioral C:/Users/vaila/Dropbox/ORGANWSH/Lab6/Lab6VHDL/CompareModule.vhd sub00/vhpl05 1494091208
EN cache NULL C:/Users/vaila/Dropbox/ORGANWSH/Lab6/Lab6VHDL/CACHE.vhd sub00/vhpl26 1494091229
EN mem_wb NULL C:/Users/vaila/Dropbox/ORGANWSH/Lab6/Lab6VHDL/MEM_WB.vhd sub00/vhpl48 1494088248
AR if_id behavioral C:/Users/vaila/Dropbox/ORGANWSH/Lab6/Lab6VHDL/IF_ID.vhd sub00/vhpl57 1494088257
EN add32bit NULL C:/Users/vaila/Dropbox/ORGANWSH/Lab6/Lab6VHDL/ADD32BIT.vhd sub00/vhpl10 1494091213
AR add32bit behavioral C:/Users/vaila/Dropbox/ORGANWSH/Lab6/Lab6VHDL/ADD32BIT.vhd sub00/vhpl11 1494091214
EN ifstage NULL C:/Users/vaila/Dropbox/ORGANWSH/Lab6/Lab6VHDL/IFSTAGE.vhd sub00/vhpl42 1494091245
AR mux2x1_5b behavioral C:/Users/vaila/Dropbox/ORGANWSH/Lab6/Lab6VHDL/MUX2X1_5B.vhd sub00/vhpl35 1494091238
EN myregister NULL C:/Users/vaila/Dropbox/ORGANWSH/Lab6/Lab6VHDL/myRegister.vhd sub00/vhpl00 1494091203
AR rotl behavioral C:/Users/vaila/Dropbox/ORGANWSH/Lab6/Lab6VHDL/ROTL.vhd sub00/vhpl15 1494091218
AR srlo behavioral C:/Users/vaila/Dropbox/ORGANWSH/Lab6/Lab6VHDL/SRLO.vhd sub00/vhpl23 1494091226
EN register_file NULL C:/Users/vaila/Dropbox/ORGANWSH/Lab6/Lab6VHDL/REGISTER_FILE.vhd sub00/vhpl32 1494091235
AR mem_inter behavioral C:/Users/vaila/Dropbox/ORGANWSH/Lab6/Lab6VHDL/MEM_INTER.vhd sub00/vhpl51 1494088251
AR sllo behavioral C:/Users/vaila/Dropbox/ORGANWSH/Lab6/Lab6VHDL/SLLO.vhd sub00/vhpl19 1494091222
AR cntrl behavioral C:/Users/vaila/Dropbox/ORGANWSH/Lab6/Lab6VHDL/CNTRL.vhd sub00/vhpl47 1494088247
EN srlo NULL C:/Users/vaila/Dropbox/ORGANWSH/Lab6/Lab6VHDL/SRLO.vhd sub00/vhpl22 1494091225
AR alustage behavioral C:/Users/vaila/Dropbox/ORGANWSH/Lab6/Lab6VHDL/ALUSTAGE.vhd sub00/vhpl39 1494091242
EN if_id NULL C:/Users/vaila/Dropbox/ORGANWSH/Lab6/Lab6VHDL/IF_ID.vhd sub00/vhpl56 1494088256
EN sub32bit NULL C:/Users/vaila/Dropbox/ORGANWSH/Lab6/Lab6VHDL/SUB32BIT.vhd sub00/vhpl12 1494091215
AR pc_mux behavioral C:/Users/vaila/Dropbox/ORGANWSH/Lab6/Lab6VHDL/REGMUX2x1.vhd sub00/vhpl29 1494091232
EN comparemodule NULL C:/Users/vaila/Dropbox/ORGANWSH/Lab6/Lab6VHDL/CompareModule.vhd sub00/vhpl04 1494091207
EN rotl NULL C:/Users/vaila/Dropbox/ORGANWSH/Lab6/Lab6VHDL/ROTL.vhd sub00/vhpl14 1494091217
AR alu behavioral C:/Users/vaila/Dropbox/ORGANWSH/Lab6/Lab6VHDL/ALU.vhd sub00/vhpl37 1494091240
EN ex_mem NULL C:/Users/vaila/Dropbox/ORGANWSH/Lab6/Lab6VHDL/EX_MEM.vhd sub00/vhpl52 1494088252
AR sub32bit behavioral C:/Users/vaila/Dropbox/ORGANWSH/Lab6/Lab6VHDL/SUB32BIT.vhd sub00/vhpl13 1494091216
EN rotr NULL C:/Users/vaila/Dropbox/ORGANWSH/Lab6/Lab6VHDL/ROTR.vhd sub00/vhpl16 1494091219
AR cache syn C:/Users/vaila/Dropbox/ORGANWSH/Lab6/Lab6VHDL/CACHE.vhd sub00/vhpl27 1494091230
EN cache_stage NULL C:/Users/vaila/Dropbox/ORGANWSH/Lab6/Lab6VHDL/CACHESTAGE.vhd sub00/vhpl44 1494091247
EN sllo NULL C:/Users/vaila/Dropbox/ORGANWSH/Lab6/Lab6VHDL/SLLO.vhd sub00/vhpl18 1494091221
AR pc behavioral C:/Users/vaila/Dropbox/ORGANWSH/Lab6/Lab6VHDL/PCREGISTER.vhd sub00/vhpl25 1494091228
AR srao behavioral C:/Users/vaila/Dropbox/ORGANWSH/Lab6/Lab6VHDL/SRAO.vhd sub00/vhpl21 1494091224
AR id_ex behavioral C:/Users/vaila/Dropbox/ORGANWSH/Lab6/Lab6VHDL/ID_EX.vhd sub00/vhpl55 1494088255
AR datapath behavioral C:/Users/vaila/Dropbox/ORGANWSH/Lab6/Lab6VHDL/Datapath.vhd sub00/vhpl59 1494088259
AR ex_mem behavioral C:/Users/vaila/Dropbox/ORGANWSH/Lab6/Lab6VHDL/EX_MEM.vhd sub00/vhpl53 1494088253
EN mux2x1_5b NULL C:/Users/vaila/Dropbox/ORGANWSH/Lab6/Lab6VHDL/MUX2X1_5B.vhd sub00/vhpl34 1494091237
EN alu NULL C:/Users/vaila/Dropbox/ORGANWSH/Lab6/Lab6VHDL/ALU.vhd sub00/vhpl36 1494091239
AR if_mem syn C:/Users/vaila/Dropbox/ORGANWSH/Lab6/Lab6VHDL/IF_MEM.vhd sub00/vhpl31 1494091234
