AR register_file behavioral C:/Users/vaila/Dropbox/ORGANWSH/Lab5/lab5VHDL/REGISTER_FILE.vhd sub00/vhpl33 1495828481
AR fwd_cntrl behavioral C:/Users/vaila/Dropbox/ORGANWSH/Lab5/lab5VHDL/FWD_CNTRL.vhd sub00/vhpl51 1495828499
EN mux2to1 NULL C:/Users/vaila/Dropbox/ORGANWSH/Lab5/lab5VHDL/MUX2TO1.vhd sub00/vhpl06 1495828454
AR mem_wb behavioral C:/Users/vaila/Dropbox/ORGANWSH/Lab5/lab5VHDL/MEM_WB.vhd sub00/vhpl55 1495828503
AR mux32x1 behavioral C:/Users/vaila/Dropbox/ORGANWSH/Lab5/lab5VHDL/MUX32x1.vhd sub00/vhpl03 1495828451
EN fwd_cntrl NULL C:/Users/vaila/Dropbox/ORGANWSH/Lab5/lab5VHDL/FWD_CNTRL.vhd sub00/vhpl50 1495828498
EN alustage NULL C:/Users/vaila/Dropbox/ORGANWSH/Lab5/lab5VHDL/ALUSTAGE.vhd sub00/vhpl38 1495828486
AR myregister behavioral C:/Users/vaila/Dropbox/ORGANWSH/Lab5/lab5VHDL/myRegister.vhd sub00/vhpl01 1495828449
AR decstage behavioral C:/Users/vaila/Dropbox/ORGANWSH/Lab5/lab5VHDL/DECSTAGE.vhd sub00/vhpl41 1495828489
AR mux2to1 behavioral C:/Users/vaila/Dropbox/ORGANWSH/Lab5/lab5VHDL/MUX2TO1.vhd sub00/vhpl07 1495828455
EN decoder5x32 NULL C:/Users/vaila/Dropbox/ORGANWSH/Lab5/lab5VHDL/Decoder5to32.vhd sub00/vhpl08 1495828456
EN datapath NULL C:/Users/vaila/Dropbox/ORGANWSH/Lab5/lab5VHDL/Datapath.vhd sub00/vhpl62 1495828510
EN if_mem NULL C:/Users/vaila/Dropbox/ORGANWSH/Lab5/lab5VHDL/IF_MEM.vhd sub00/vhpl30 1495828478
AR rotr behavioral C:/Users/vaila/Dropbox/ORGANWSH/Lab5/lab5VHDL/ROTR.vhd sub00/vhpl17 1495828465
EN srao NULL C:/Users/vaila/Dropbox/ORGANWSH/Lab5/lab5VHDL/SRAO.vhd sub00/vhpl20 1495828468
EN id_ex NULL C:/Users/vaila/Dropbox/ORGANWSH/Lab5/lab5VHDL/ID_EX.vhd sub00/vhpl58 1495828506
AR ifstage behavioral C:/Users/vaila/Dropbox/ORGANWSH/Lab5/lab5VHDL/IFSTAGE.vhd sub00/vhpl43 1495828491
EN decstage NULL C:/Users/vaila/Dropbox/ORGANWSH/Lab5/lab5VHDL/DECSTAGE.vhd sub00/vhpl40 1495828488
EN pc_mux NULL C:/Users/vaila/Dropbox/ORGANWSH/Lab5/lab5VHDL/REGMUX2x1.vhd sub00/vhpl26 1495828474
EN cntrl NULL C:/Users/vaila/Dropbox/ORGANWSH/Lab5/lab5VHDL/CNTRL.vhd sub00/vhpl46 1495828494
EN mux32x1 NULL C:/Users/vaila/Dropbox/ORGANWSH/Lab5/lab5VHDL/MUX32x1.vhd sub00/vhpl02 1495828450
EN pc NULL C:/Users/vaila/Dropbox/ORGANWSH/Lab5/lab5VHDL/PCREGISTER.vhd sub00/vhpl28 1495828476
EN memstage NULL C:/Users/vaila/Dropbox/ORGANWSH/Lab5/lab5VHDL/MEMSTAGE.vhd sub00/vhpl44 1495828492
AR decoder5x32 behavioral C:/Users/vaila/Dropbox/ORGANWSH/Lab5/lab5VHDL/Decoder5to32.vhd sub00/vhpl09 1495828457
EN data_mem NULL C:/Users/vaila/Dropbox/ORGANWSH/Lab5/lab5VHDL/Data_MEM.vhd sub00/vhpl24 1495828472
AR comparemodule behavioral C:/Users/vaila/Dropbox/ORGANWSH/Lab5/lab5VHDL/CompareModule.vhd sub00/vhpl05 1495828453
EN mem_wb NULL C:/Users/vaila/Dropbox/ORGANWSH/Lab5/lab5VHDL/MEM_WB.vhd sub00/vhpl54 1495828502
AR if_id behavioral C:/Users/vaila/Dropbox/ORGANWSH/Lab5/lab5VHDL/IF_ID.vhd sub00/vhpl61 1495828509
EN add32bit NULL C:/Users/vaila/Dropbox/ORGANWSH/Lab5/lab5VHDL/ADD32BIT.vhd sub00/vhpl10 1495828458
AR add32bit behavioral C:/Users/vaila/Dropbox/ORGANWSH/Lab5/lab5VHDL/ADD32BIT.vhd sub00/vhpl11 1495828459
EN ifstage NULL C:/Users/vaila/Dropbox/ORGANWSH/Lab5/lab5VHDL/IFSTAGE.vhd sub00/vhpl42 1495828490
AR mux2x1_5b behavioral C:/Users/vaila/Dropbox/ORGANWSH/Lab5/lab5VHDL/MUX2X1_5B.vhd sub00/vhpl35 1495828483
EN myregister NULL C:/Users/vaila/Dropbox/ORGANWSH/Lab5/lab5VHDL/myRegister.vhd sub00/vhpl00 1495828448
AR rotl behavioral C:/Users/vaila/Dropbox/ORGANWSH/Lab5/lab5VHDL/ROTL.vhd sub00/vhpl15 1495828463
AR srlo behavioral C:/Users/vaila/Dropbox/ORGANWSH/Lab5/lab5VHDL/SRLO.vhd sub00/vhpl23 1495828471
EN register_file NULL C:/Users/vaila/Dropbox/ORGANWSH/Lab5/lab5VHDL/REGISTER_FILE.vhd sub00/vhpl32 1495828480
AR sllo behavioral C:/Users/vaila/Dropbox/ORGANWSH/Lab5/lab5VHDL/SLLO.vhd sub00/vhpl19 1495828467
AR mux_4to1_32b behavioral C:/Users/vaila/Dropbox/ORGANWSH/Lab5/lab5VHDL/MUX_4to1_32b.vhd sub00/vhpl49 1495828497
AR cntrl behavioral C:/Users/vaila/Dropbox/ORGANWSH/Lab5/lab5VHDL/CNTRL.vhd sub00/vhpl47 1495828495
EN srlo NULL C:/Users/vaila/Dropbox/ORGANWSH/Lab5/lab5VHDL/SRLO.vhd sub00/vhpl22 1495828470
AR alustage behavioral C:/Users/vaila/Dropbox/ORGANWSH/Lab5/lab5VHDL/ALUSTAGE.vhd sub00/vhpl39 1495828487
EN if_id NULL C:/Users/vaila/Dropbox/ORGANWSH/Lab5/lab5VHDL/IF_ID.vhd sub00/vhpl60 1495828508
EN sub32bit NULL C:/Users/vaila/Dropbox/ORGANWSH/Lab5/lab5VHDL/SUB32BIT.vhd sub00/vhpl12 1495828460
EN hdu NULL C:/Users/vaila/Dropbox/ORGANWSH/Lab5/lab5VHDL/HDU.vhd sub00/vhpl52 1495828500
AR pc_mux behavioral C:/Users/vaila/Dropbox/ORGANWSH/Lab5/lab5VHDL/REGMUX2x1.vhd sub00/vhpl27 1495828475
EN comparemodule NULL C:/Users/vaila/Dropbox/ORGANWSH/Lab5/lab5VHDL/CompareModule.vhd sub00/vhpl04 1495828452
AR hdu behavioral C:/Users/vaila/Dropbox/ORGANWSH/Lab5/lab5VHDL/HDU.vhd sub00/vhpl53 1495828501
EN rotl NULL C:/Users/vaila/Dropbox/ORGANWSH/Lab5/lab5VHDL/ROTL.vhd sub00/vhpl14 1495828462
AR alu behavioral C:/Users/vaila/Dropbox/ORGANWSH/Lab5/lab5VHDL/ALU.vhd sub00/vhpl37 1495828485
EN ex_mem NULL C:/Users/vaila/Dropbox/ORGANWSH/Lab5/lab5VHDL/EX_MEM.vhd sub00/vhpl56 1495828504
AR sub32bit behavioral C:/Users/vaila/Dropbox/ORGANWSH/Lab5/lab5VHDL/SUB32BIT.vhd sub00/vhpl13 1495828461
EN rotr NULL C:/Users/vaila/Dropbox/ORGANWSH/Lab5/lab5VHDL/ROTR.vhd sub00/vhpl16 1495828464
EN sllo NULL C:/Users/vaila/Dropbox/ORGANWSH/Lab5/lab5VHDL/SLLO.vhd sub00/vhpl18 1495828466
EN mux_4to1_32b NULL C:/Users/vaila/Dropbox/ORGANWSH/Lab5/lab5VHDL/MUX_4to1_32b.vhd sub00/vhpl48 1495828496
AR data_mem syn C:/Users/vaila/Dropbox/ORGANWSH/Lab5/lab5VHDL/Data_MEM.vhd sub00/vhpl25 1495828473
AR pc behavioral C:/Users/vaila/Dropbox/ORGANWSH/Lab5/lab5VHDL/PCREGISTER.vhd sub00/vhpl29 1495828477
AR memstage behavioral C:/Users/vaila/Dropbox/ORGANWSH/Lab5/lab5VHDL/MEMSTAGE.vhd sub00/vhpl45 1495828493
AR srao behavioral C:/Users/vaila/Dropbox/ORGANWSH/Lab5/lab5VHDL/SRAO.vhd sub00/vhpl21 1495828469
AR id_ex behavioral C:/Users/vaila/Dropbox/ORGANWSH/Lab5/lab5VHDL/ID_EX.vhd sub00/vhpl59 1495828507
AR datapath behavioral C:/Users/vaila/Dropbox/ORGANWSH/Lab5/lab5VHDL/Datapath.vhd sub00/vhpl63 1495828511
AR ex_mem behavioral C:/Users/vaila/Dropbox/ORGANWSH/Lab5/lab5VHDL/EX_MEM.vhd sub00/vhpl57 1495828505
EN mux2x1_5b NULL C:/Users/vaila/Dropbox/ORGANWSH/Lab5/lab5VHDL/MUX2X1_5B.vhd sub00/vhpl34 1495828482
EN alu NULL C:/Users/vaila/Dropbox/ORGANWSH/Lab5/lab5VHDL/ALU.vhd sub00/vhpl36 1495828484
AR if_mem syn C:/Users/vaila/Dropbox/ORGANWSH/Lab5/lab5VHDL/IF_MEM.vhd sub00/vhpl31 1495828479
