AR register_file behavioral C:/Users/vaila/Dropbox/ORGANWSH/Lab2/Lab2VHDL/REGISTER_FILE.vhd sub00/vhpl19 1488542264
EN mux2to1 NULL C:/Users/vaila/Dropbox/ORGANWSH/Lab2/Lab2VHDL/MUX2TO1.vhd sub00/vhpl12 1488542891
AR mux32x1 behavioral C:/Users/vaila/Dropbox/ORGANWSH/Lab2/Lab2VHDL/MUX32x1.vhd sub00/vhpl11 1488542256
EN alustage NULL C:/Users/vaila/Dropbox/ORGANWSH/Lab2/Lab2VHDL/ALUSTAGE.vhd sub00/vhpl43 1488542895
AR myregister behavioral C:/Users/vaila/Dropbox/ORGANWSH/Lab2/Lab2VHDL/myRegister.vhd sub00/vhpl09 1488542254
AR decstage behavioral C:/Users/vaila/Dropbox/ORGANWSH/Lab2/Lab2VHDL/DECSTAGE.vhd sub00/vhpl21 1488542268
AR mux2to1 behavioral C:/Users/vaila/Dropbox/ORGANWSH/Lab2/Lab2VHDL/MUX2TO1.vhd sub00/vhpl13 1488542892
EN decoder5x32 NULL C:/Users/vaila/Dropbox/ORGANWSH/Lab2/Lab2VHDL/Decoder5to32.vhd sub00/vhpl16 1488542261
EN if_mem NULL C:/Users/vaila/Dropbox/ORGANWSH/Lab2/Lab2VHDL/IF_MEM.vhd sub00/vhpl04 1488658140
AR rotr behavioral C:/Users/vaila/Dropbox/ORGANWSH/Lab2/Lab2VHDL/ROTR.vhd sub00/vhpl34 1488542884
EN srao NULL C:/Users/vaila/Dropbox/ORGANWSH/Lab2/Lab2VHDL/SRAO.vhd sub00/vhpl37 1488542887
AR ifstage behavioral C:/Users/vaila/Dropbox/ORGANWSH/Lab2/Lab2VHDL/IFSTAGE.vhd sub00/vhpl07 1488541774
EN decstage NULL C:/Users/vaila/Dropbox/ORGANWSH/Lab2/Lab2VHDL/DECSTAGE.vhd sub00/vhpl20 1488542267
EN pc_mux NULL C:/Users/vaila/Dropbox/ORGANWSH/Lab2/Lab2VHDL/REGMUX2x1.vhd sub00/vhpl00 1488541767
EN mux32x1 NULL C:/Users/vaila/Dropbox/ORGANWSH/Lab2/Lab2VHDL/MUX32x1.vhd sub00/vhpl10 1488542255
EN pc NULL C:/Users/vaila/Dropbox/ORGANWSH/Lab2/Lab2VHDL/PCREGISTER.vhd sub00/vhpl02 1488541769
EN memstage NULL C:/Users/JARVIS/Dropbox/ORGANWSH/Lab2/Lab2VHDL/Lab2/MEMSTAGE.vhd sub00/vhpl26 1487846269
AR decoder5x32 behavioral C:/Users/vaila/Dropbox/ORGANWSH/Lab2/Lab2VHDL/Decoder5to32.vhd sub00/vhpl17 1488542262
EN data_mem NULL C:/Users/JARVIS/Dropbox/ORGANWSH/Lab2/Lab2VHDL/Lab2/Data_MEM.vhd sub00/vhpl24 1487846267
AR comparemodule behavioral C:/Users/vaila/Dropbox/ORGANWSH/Lab2/Lab2VHDL/CompareModule.vhd sub00/vhpl15 1488542260
EN add32bit NULL C:/Users/vaila/Dropbox/ORGANWSH/Lab2/Lab2VHDL/ADD32BIT.vhd sub00/vhpl27 1488542877
AR add32bit behavioral C:/Users/vaila/Dropbox/ORGANWSH/Lab2/Lab2VHDL/ADD32BIT.vhd sub00/vhpl28 1488542878
EN ifstage NULL C:/Users/vaila/Dropbox/ORGANWSH/Lab2/Lab2VHDL/IFSTAGE.vhd sub00/vhpl06 1488541773
AR mux2x1_5b behavioral C:/Users/vaila/Dropbox/ORGANWSH/Lab2/Lab2VHDL/MUX2X1_5B.vhd sub00/vhpl23 1488542266
EN myregister NULL C:/Users/vaila/Dropbox/ORGANWSH/Lab2/Lab2VHDL/myRegister.vhd sub00/vhpl08 1488542253
AR rotl behavioral C:/Users/vaila/Dropbox/ORGANWSH/Lab2/Lab2VHDL/ROTL.vhd sub00/vhpl32 1488542882
AR srlo behavioral C:/Users/vaila/Dropbox/ORGANWSH/Lab2/Lab2VHDL/SRLO.vhd sub00/vhpl40 1488542890
EN register_file NULL C:/Users/vaila/Dropbox/ORGANWSH/Lab2/Lab2VHDL/REGISTER_FILE.vhd sub00/vhpl18 1488542263
AR sllo behavioral C:/Users/vaila/Dropbox/ORGANWSH/Lab2/Lab2VHDL/SLLO.vhd sub00/vhpl36 1488542886
EN srlo NULL C:/Users/vaila/Dropbox/ORGANWSH/Lab2/Lab2VHDL/SRLO.vhd sub00/vhpl39 1488542889
AR alustage behavioral C:/Users/vaila/Dropbox/ORGANWSH/Lab2/Lab2VHDL/ALUSTAGE.vhd sub00/vhpl44 1488542896
EN sub32bit NULL C:/Users/vaila/Dropbox/ORGANWSH/Lab2/Lab2VHDL/SUB32BIT.vhd sub00/vhpl29 1488542879
AR pc_mux behavioral C:/Users/vaila/Dropbox/ORGANWSH/Lab2/Lab2VHDL/REGMUX2x1.vhd sub00/vhpl01 1488541768
EN comparemodule NULL C:/Users/vaila/Dropbox/ORGANWSH/Lab2/Lab2VHDL/CompareModule.vhd sub00/vhpl14 1488542259
EN rotl NULL C:/Users/vaila/Dropbox/ORGANWSH/Lab2/Lab2VHDL/ROTL.vhd sub00/vhpl31 1488542881
AR alu behavioral C:/Users/vaila/Dropbox/ORGANWSH/Lab2/Lab2VHDL/ALU.vhd sub00/vhpl42 1488542894
AR sub32bit behavioral C:/Users/vaila/Dropbox/ORGANWSH/Lab2/Lab2VHDL/SUB32BIT.vhd sub00/vhpl30 1488542880
EN rotr NULL C:/Users/vaila/Dropbox/ORGANWSH/Lab2/Lab2VHDL/ROTR.vhd sub00/vhpl33 1488542883
EN sllo NULL C:/Users/vaila/Dropbox/ORGANWSH/Lab2/Lab2VHDL/SLLO.vhd sub00/vhpl35 1488542885
AR data_mem syn C:/Users/JARVIS/Dropbox/ORGANWSH/Lab2/Lab2VHDL/Lab2/Data_MEM.vhd sub00/vhpl25 1487846268
AR pc behavioral C:/Users/vaila/Dropbox/ORGANWSH/Lab2/Lab2VHDL/PCREGISTER.vhd sub00/vhpl03 1488541770
AR srao behavioral C:/Users/vaila/Dropbox/ORGANWSH/Lab2/Lab2VHDL/SRAO.vhd sub00/vhpl38 1488542888
EN mux2x1_5b NULL C:/Users/vaila/Dropbox/ORGANWSH/Lab2/Lab2VHDL/MUX2X1_5B.vhd sub00/vhpl22 1488542265
EN alu NULL C:/Users/vaila/Dropbox/ORGANWSH/Lab2/Lab2VHDL/ALU.vhd sub00/vhpl41 1488542893
AR if_mem syn C:/Users/vaila/Dropbox/ORGANWSH/Lab2/Lab2VHDL/IF_MEM.vhd sub00/vhpl05 1488658141
