V3 103
FL C:/Users/JARVIS/Dropbox/ORGANWSH/Lab2/Lab2VHDL/Lab2/Data_MEM.vhd 2017/02/23.12:31:32 P.20131013
EN work/Data_MEM 1487846267 \
      FL C:/Users/JARVIS/Dropbox/ORGANWSH/Lab2/Lab2VHDL/Lab2/Data_MEM.vhd \
      PB ieee/std_logic_1164 1381692176 PB ieee/STD_LOGIC_UNSIGNED 1381692179
AR work/Data_MEM/syn 1487846268 \
      FL C:/Users/JARVIS/Dropbox/ORGANWSH/Lab2/Lab2VHDL/Lab2/Data_MEM.vhd \
      EN work/Data_MEM 1487846267
FL C:/Users/JARVIS/Dropbox/ORGANWSH/Lab2/Lab2VHDL/Lab2/IF_MEM.vhd 2017/02/20.14:18:34 P.20131013
EN work/MEMSTAGE 0 \
      FL C:/Users/JARVIS/Dropbox/ORGANWSH/Lab2/Lab2VHDL/Lab2/MEMSTAGE.vhd \
      PB ieee/std_logic_1164 1381692176
AR work/MEMSTAGE/Behavioral 0 \
      FL C:/Users/JARVIS/Dropbox/ORGANWSH/Lab2/Lab2VHDL/Lab2/MEMSTAGE.vhd \
      EN work/MEMSTAGE 0 CP Data_MEM
FL C:/Users/vaila/Dropbox/ORGANWSH/Lab1/B/RF/myRegister.vhd 2017/02/20.15:18:07 P.20131013
FL C:/Users/vaila/Dropbox/ORGANWSH/Lab2/Lab2VHDL/ADD32BIT.vhd 2017/02/12.00:00:51 P.20131013
EN work/ADD32BIT 1488542877 \
      FL C:/Users/vaila/Dropbox/ORGANWSH/Lab2/Lab2VHDL/ADD32BIT.vhd \
      PB ieee/std_logic_1164 1381692176 PB ieee/STD_LOGIC_SIGNED 1381692178 \
      PB ieee/std_logic_arith 1381692177 PB ieee/NUMERIC_BIT 1381692180 \
      PB ieee/NUMERIC_STD 1381692181
AR work/ADD32BIT/Behavioral 1488542878 \
      FL C:/Users/vaila/Dropbox/ORGANWSH/Lab2/Lab2VHDL/ADD32BIT.vhd \
      EN work/ADD32BIT 1488542877
FL C:/Users/vaila/Dropbox/ORGANWSH/Lab2/Lab2VHDL/ALU.vhd 2017/02/13.15:19:37 P.20131013
EN work/ALU 1488542893 FL C:/Users/vaila/Dropbox/ORGANWSH/Lab2/Lab2VHDL/ALU.vhd \
      PB ieee/std_logic_1164 1381692176 PB ieee/STD_LOGIC_SIGNED 1381692178 \
      PB ieee/std_logic_arith 1381692177 PB ieee/std_logic_misc 1381692178 \
      PB ieee/NUMERIC_BIT 1381692180 PB ieee/NUMERIC_STD 1381692181
AR work/ALU/Behavioral 1488542894 \
      FL C:/Users/vaila/Dropbox/ORGANWSH/Lab2/Lab2VHDL/ALU.vhd EN work/ALU 1488542893 \
      CP ADD32BIT CP SUB32BIT CP ROTL CP ROTR CP SLLO CP SRAO CP SRLO
FL C:/Users/vaila/Dropbox/ORGANWSH/Lab2/Lab2VHDL/ALUSTAGE.vhd 2017/03/03.14:07:52 P.20131013
EN work/ALUSTAGE 1488542895 \
      FL C:/Users/vaila/Dropbox/ORGANWSH/Lab2/Lab2VHDL/ALUSTAGE.vhd \
      PB ieee/std_logic_1164 1381692176
AR work/ALUSTAGE/Behavioral 1488542896 \
      FL C:/Users/vaila/Dropbox/ORGANWSH/Lab2/Lab2VHDL/ALUSTAGE.vhd \
      EN work/ALUSTAGE 1488542895 CP MUX2TO1 CP ALU
FL C:/Users/vaila/Dropbox/ORGANWSH/Lab2/Lab2VHDL/CompareModule.vhd 2017/02/13.13:31:59 P.20131013
EN work/CompareModule 1488542259 \
      FL C:/Users/vaila/Dropbox/ORGANWSH/Lab2/Lab2VHDL/CompareModule.vhd \
      PB ieee/std_logic_1164 1381692176
AR work/CompareModule/Behavioral 1488542260 \
      FL C:/Users/vaila/Dropbox/ORGANWSH/Lab2/Lab2VHDL/CompareModule.vhd \
      EN work/CompareModule 1488542259
FL C:/Users/vaila/Dropbox/ORGANWSH/Lab2/Lab2VHDL/Decoder5to32.vhd 2017/02/12.18:00:30 P.20131013
EN work/Decoder5x32 1488542261 \
      FL C:/Users/vaila/Dropbox/ORGANWSH/Lab2/Lab2VHDL/Decoder5to32.vhd \
      PB ieee/std_logic_1164 1381692176
AR work/Decoder5x32/Behavioral 1488542262 \
      FL C:/Users/vaila/Dropbox/ORGANWSH/Lab2/Lab2VHDL/Decoder5to32.vhd \
      EN work/Decoder5x32 1488542261
FL C:/Users/vaila/Dropbox/ORGANWSH/Lab2/Lab2VHDL/DECSTAGE.vhd 2017/03/03.13:57:30 P.20131013
EN work/DECSTAGE 1488542267 \
      FL C:/Users/vaila/Dropbox/ORGANWSH/Lab2/Lab2VHDL/DECSTAGE.vhd \
      PB ieee/std_logic_1164 1381692176
AR work/DECSTAGE/Behavioral 1488542268 \
      FL C:/Users/vaila/Dropbox/ORGANWSH/Lab2/Lab2VHDL/DECSTAGE.vhd \
      EN work/DECSTAGE 1488542267 CP REGISTER_FILE CP MUX2X1_5B CP MUX2TO1
FL C:/Users/vaila/Dropbox/ORGANWSH/Lab2/Lab2VHDL/IFSTAGE.vhd 2017/02/20.16:49:14 P.20131013
EN work/IFSTAGE 1488541773 \
      FL C:/Users/vaila/Dropbox/ORGANWSH/Lab2/Lab2VHDL/IFSTAGE.vhd \
      PB ieee/std_logic_1164 1381692176 PB ieee/STD_LOGIC_SIGNED 1381692178 \
      PB ieee/std_logic_arith 1381692177
AR work/IFSTAGE/Behavioral 1488541774 \
      FL C:/Users/vaila/Dropbox/ORGANWSH/Lab2/Lab2VHDL/IFSTAGE.vhd \
      EN work/IFSTAGE 1488541773 CP PC_MUX CP PC CP IF_MEM
FL C:/Users/vaila/Dropbox/ORGANWSH/Lab2/Lab2VHDL/IF_MEM.vhd 2017/03/04.22:08:58 P.20131013
EN work/IF_MEM 1488658140 \
      FL C:/Users/vaila/Dropbox/ORGANWSH/Lab2/Lab2VHDL/IF_MEM.vhd \
      PB ieee/std_logic_1164 1381692176 PB ieee/STD_LOGIC_UNSIGNED 1381692179 \
      PB std/TEXTIO 1381692176 PB ieee/STD_LOGIC_TEXTIO 1381692180
AR work/IF_MEM/syn 1488658141 \
      FL C:/Users/vaila/Dropbox/ORGANWSH/Lab2/Lab2VHDL/IF_MEM.vhd EN work/IF_MEM 1488658140
FL C:/Users/vaila/Dropbox/ORGANWSH/Lab2/Lab2VHDL/Lab2/CompareModule.vhd 2017/02/13.13:31:59 P.20131013
FL C:/Users/vaila/Dropbox/ORGANWSH/Lab2/Lab2VHDL/Lab2/Decoder5to32.vhd 2017/02/12.18:00:30 P.20131013
FL C:/Users/vaila/Dropbox/ORGANWSH/Lab2/Lab2VHDL/Lab2/DECSTAGE.vhd 2017/02/20.17:16:11 P.20131013
FL C:/Users/vaila/Dropbox/ORGANWSH/Lab2/Lab2VHDL/Lab2/IFSTAGE.vhd 2017/02/20.16:44:39 P.20131013
FL C:/Users/vaila/Dropbox/ORGANWSH/Lab2/Lab2VHDL/Lab2/IF_MEM.vhd 2017/02/20.14:18:34 P.20131013
FL C:/Users/vaila/Dropbox/ORGANWSH/Lab2/Lab2VHDL/Lab2/MUX2TO1.vhd 2017/02/20.16:36:27 P.20131013
FL C:/Users/vaila/Dropbox/ORGANWSH/Lab2/Lab2VHDL/Lab2/MUX2x1.vhd 2017/02/20.15:14:40 P.20131013
FL C:/Users/vaila/Dropbox/ORGANWSH/Lab2/Lab2VHDL/Lab2/MUX2X1_5B.vhd 2017/02/20.17:13:26 P.20131013
FL C:/Users/vaila/Dropbox/ORGANWSH/Lab2/Lab2VHDL/Lab2/MUX32x1.vhd 2017/02/12.18:14:12 P.20131013
FL C:/Users/vaila/Dropbox/ORGANWSH/Lab2/Lab2VHDL/Lab2/myRegister.vhd 2017/02/20.16:58:57 P.20131013
FL C:/Users/vaila/Dropbox/ORGANWSH/Lab2/Lab2VHDL/Lab2/PCREGISTER.vhd 2017/02/20.16:20:46 P.20131013
FL C:/Users/vaila/Dropbox/ORGANWSH/Lab2/Lab2VHDL/Lab2/REGISTER_FILE.vhd 2017/02/20.16:59:17 P.20131013
FL C:/Users/vaila/Dropbox/ORGANWSH/Lab2/Lab2VHDL/Lab2/REGMUX2x1.vhd 2017/02/20.15:14:40 P.20131013
FL C:/Users/vaila/Dropbox/ORGANWSH/Lab2/Lab2VHDL/MUX2TO1.vhd 2017/02/20.16:36:27 P.20131013
EN work/MUX2TO1 1488542891 \
      FL C:/Users/vaila/Dropbox/ORGANWSH/Lab2/Lab2VHDL/MUX2TO1.vhd \
      PB ieee/std_logic_1164 1381692176
AR work/MUX2TO1/Behavioral 1488542892 \
      FL C:/Users/vaila/Dropbox/ORGANWSH/Lab2/Lab2VHDL/MUX2TO1.vhd \
      EN work/MUX2TO1 1488542891
FL C:/Users/vaila/Dropbox/ORGANWSH/Lab2/Lab2VHDL/MUX2X1_5B.vhd 2017/02/20.17:13:26 P.20131013
EN work/MUX2X1_5B 1488542265 \
      FL C:/Users/vaila/Dropbox/ORGANWSH/Lab2/Lab2VHDL/MUX2X1_5B.vhd \
      PB ieee/std_logic_1164 1381692176
AR work/MUX2X1_5B/Behavioral 1488542266 \
      FL C:/Users/vaila/Dropbox/ORGANWSH/Lab2/Lab2VHDL/MUX2X1_5B.vhd \
      EN work/MUX2X1_5B 1488542265
FL C:/Users/vaila/Dropbox/ORGANWSH/Lab2/Lab2VHDL/MUX32x1.vhd 2017/02/12.18:14:12 P.20131013
EN work/MUX32X1 1488542255 \
      FL C:/Users/vaila/Dropbox/ORGANWSH/Lab2/Lab2VHDL/MUX32x1.vhd \
      PB ieee/std_logic_1164 1381692176
AR work/MUX32x1/Behavioral 1488542256 \
      FL C:/Users/vaila/Dropbox/ORGANWSH/Lab2/Lab2VHDL/MUX32x1.vhd \
      EN work/MUX32X1 1488542255
FL C:/Users/vaila/Dropbox/ORGANWSH/Lab2/Lab2VHDL/myRegister.vhd 2017/02/20.16:58:57 P.20131013
EN work/MYREGISTER 1488542253 \
      FL C:/Users/vaila/Dropbox/ORGANWSH/Lab2/Lab2VHDL/myRegister.vhd \
      PB ieee/std_logic_1164 1381692176
AR work/MYREGISTER/Behavioral 1488542254 \
      FL C:/Users/vaila/Dropbox/ORGANWSH/Lab2/Lab2VHDL/myRegister.vhd \
      EN work/MYREGISTER 1488542253
FL C:/Users/vaila/Dropbox/ORGANWSH/Lab2/Lab2VHDL/PCREGISTER.vhd 2017/02/20.16:20:46 P.20131013
EN work/PC 1488541769 \
      FL C:/Users/vaila/Dropbox/ORGANWSH/Lab2/Lab2VHDL/PCREGISTER.vhd \
      PB ieee/std_logic_1164 1381692176
AR work/PC/Behavioral 1488541770 \
      FL C:/Users/vaila/Dropbox/ORGANWSH/Lab2/Lab2VHDL/PCREGISTER.vhd EN work/PC 1488541769
FL C:/Users/vaila/Dropbox/ORGANWSH/Lab2/Lab2VHDL/REGISTER_FILE.vhd 2017/02/20.16:59:17 P.20131013
EN work/REGISTER_FILE 1488542263 \
      FL C:/Users/vaila/Dropbox/ORGANWSH/Lab2/Lab2VHDL/REGISTER_FILE.vhd \
      PB ieee/std_logic_1164 1381692176
AR work/REGISTER_FILE/Behavioral 1488542264 \
      FL C:/Users/vaila/Dropbox/ORGANWSH/Lab2/Lab2VHDL/REGISTER_FILE.vhd \
      EN work/REGISTER_FILE 1488542263 CP MYREGISTER CP MUX32X1 CP MUX2TO1 \
      CP COMPAREMODULE CP DECODER5X32
FL C:/Users/vaila/Dropbox/ORGANWSH/Lab2/Lab2VHDL/REGMUX2x1.vhd 2017/02/20.15:14:40 P.20131013
EN work/PC_Mux 1488541767 \
      FL C:/Users/vaila/Dropbox/ORGANWSH/Lab2/Lab2VHDL/REGMUX2x1.vhd \
      PB ieee/std_logic_1164 1381692176
AR work/PC_Mux/Behavioral 1488541768 \
      FL C:/Users/vaila/Dropbox/ORGANWSH/Lab2/Lab2VHDL/REGMUX2x1.vhd \
      EN work/PC_Mux 1488541767
FL C:/Users/vaila/Dropbox/ORGANWSH/Lab2/Lab2VHDL/ROTL.vhd 2017/02/12.12:52:59 P.20131013
EN work/ROTL 1488542881 FL C:/Users/vaila/Dropbox/ORGANWSH/Lab2/Lab2VHDL/ROTL.vhd \
      PB ieee/std_logic_1164 1381692176 PB ieee/STD_LOGIC_SIGNED 1381692178 \
      PB ieee/std_logic_arith 1381692177 PB ieee/NUMERIC_BIT 1381692180 \
      PB ieee/NUMERIC_STD 1381692181
AR work/ROTL/Behavioral 1488542882 \
      FL C:/Users/vaila/Dropbox/ORGANWSH/Lab2/Lab2VHDL/ROTL.vhd EN work/ROTL 1488542881
FL C:/Users/vaila/Dropbox/ORGANWSH/Lab2/Lab2VHDL/ROTR.vhd 2017/02/12.00:34:14 P.20131013
EN work/ROTR 1488542883 FL C:/Users/vaila/Dropbox/ORGANWSH/Lab2/Lab2VHDL/ROTR.vhd \
      PB ieee/std_logic_1164 1381692176 PB ieee/STD_LOGIC_SIGNED 1381692178 \
      PB ieee/std_logic_arith 1381692177 PB ieee/NUMERIC_BIT 1381692180 \
      PB ieee/NUMERIC_STD 1381692181
AR work/ROTR/Behavioral 1488542884 \
      FL C:/Users/vaila/Dropbox/ORGANWSH/Lab2/Lab2VHDL/ROTR.vhd EN work/ROTR 1488542883
FL C:/Users/vaila/Dropbox/ORGANWSH/Lab2/Lab2VHDL/SLLO.vhd 2017/02/12.00:34:14 P.20131013
EN work/SLLO 1488542885 FL C:/Users/vaila/Dropbox/ORGANWSH/Lab2/Lab2VHDL/SLLO.vhd \
      PB ieee/std_logic_1164 1381692176 PB ieee/STD_LOGIC_SIGNED 1381692178 \
      PB ieee/std_logic_arith 1381692177 PB ieee/NUMERIC_BIT 1381692180 \
      PB ieee/NUMERIC_STD 1381692181
AR work/SLLO/Behavioral 1488542886 \
      FL C:/Users/vaila/Dropbox/ORGANWSH/Lab2/Lab2VHDL/SLLO.vhd EN work/SLLO 1488542885
FL C:/Users/vaila/Dropbox/ORGANWSH/Lab2/Lab2VHDL/SRAO.vhd 2017/02/12.00:34:14 P.20131013
EN work/SRAO 1488542887 FL C:/Users/vaila/Dropbox/ORGANWSH/Lab2/Lab2VHDL/SRAO.vhd \
      PB ieee/std_logic_1164 1381692176 PB ieee/STD_LOGIC_SIGNED 1381692178 \
      PB ieee/std_logic_arith 1381692177 PB ieee/NUMERIC_BIT 1381692180 \
      PB ieee/NUMERIC_STD 1381692181
AR work/SRAO/Behavioral 1488542888 \
      FL C:/Users/vaila/Dropbox/ORGANWSH/Lab2/Lab2VHDL/SRAO.vhd EN work/SRAO 1488542887
FL C:/Users/vaila/Dropbox/ORGANWSH/Lab2/Lab2VHDL/SRLO.vhd 2017/02/12.00:34:14 P.20131013
EN work/SRLO 1488542889 FL C:/Users/vaila/Dropbox/ORGANWSH/Lab2/Lab2VHDL/SRLO.vhd \
      PB ieee/std_logic_1164 1381692176 PB ieee/STD_LOGIC_SIGNED 1381692178 \
      PB ieee/std_logic_arith 1381692177 PB ieee/NUMERIC_BIT 1381692180 \
      PB ieee/NUMERIC_STD 1381692181
AR work/SRLO/Behavioral 1488542890 \
      FL C:/Users/vaila/Dropbox/ORGANWSH/Lab2/Lab2VHDL/SRLO.vhd EN work/SRLO 1488542889
FL C:/Users/vaila/Dropbox/ORGANWSH/Lab2/Lab2VHDL/SUB32BIT.vhd 2017/02/12.00:01:28 P.20131013
EN work/SUB32BIT 1488542879 \
      FL C:/Users/vaila/Dropbox/ORGANWSH/Lab2/Lab2VHDL/SUB32BIT.vhd \
      PB ieee/std_logic_1164 1381692176 PB ieee/STD_LOGIC_SIGNED 1381692178 \
      PB ieee/std_logic_arith 1381692177 PB ieee/NUMERIC_BIT 1381692180 \
      PB ieee/NUMERIC_STD 1381692181
AR work/SUB32BIT/Behavioral 1488542880 \
      FL C:/Users/vaila/Dropbox/ORGANWSH/Lab2/Lab2VHDL/SUB32BIT.vhd \
      EN work/SUB32BIT 1488542879
